// Jest Snapshot v1, https://goo.gl/fbAQLP

exports[`renders navbar 1`] = `
<DocumentFragment>
  <nav>
    Stuff
  </nav>
</DocumentFragment>
`;
